// Jest Snapshot v1, https://goo.gl/fbAQLP

exports[`404 page matches snapshot 1`] = `
<DocumentFragment>
  <div
    class="grid content-center w-full h-screen text-center"
  >
    <h1
      class="text-gray-50"
    >
      404 - Page Not Found
    </h1>
  </div>
</DocumentFragment>
`;
